[2026-08-31T08:23:17.503Z] MongoDB connection error: MongoServerError: bad auth : authentication failed
    at Connection.sendCommand (G:\my-personal-projects\on-demand-sevice\server\node_modules\mongodb\lib\cmap\connection.js:290:27)
    at process.processTicksAndRejections (node:internal/process/task_queues:103:5)
    at async Connection.command (G:\my-personal-projects\on-demand-sevice\server\node_modules\mongodb\lib\cmap\connection.js:317:26)
    at async continueScramConversation (G:\my-personal-projects\on-demand-sevice\server\node_modules\mongodb\lib\cmap\auth\scram.js:131:15)
    at async executeScram (G:\my-personal-projects\on-demand-sevice\server\node_modules\mongodb\lib\cmap\auth\scram.js:80:5)
    at async ScramSHA1.auth (G:\my-personal-projects\on-demand-sevice\server\node_modules\mongodb\lib\cmap\auth\scram.js:39:16)
    at async performInitialHandshake (G:\my-personal-projects\on-demand-sevice\server\node_modules\mongodb\lib\cmap\connect.js:104:13)
    at async connect (G:\my-personal-projects\on-demand-sevice\server\node_modules\mongodb\lib\cmap\connect.js:24:9)

[2026-08-31T08:23:39.041Z] MongoDB connection error: MongoServerError: bad auth : authentication failed
    at Connection.sendCommand (G:\my-personal-projects\on-demand-sevice\server\node_modules\mongodb\lib\cmap\connection.js:290:27)
    at process.processTicksAndRejections (node:internal/process/task_queues:103:5)
    at async Connection.command (G:\my-personal-projects\on-demand-sevice\server\node_modules\mongodb\lib\cmap\connection.js:317:26)
    at async continueScramConversation (G:\my-personal-projects\on-demand-sevice\server\node_modules\mongodb\lib\cmap\auth\scram.js:131:15)
    at async executeScram (G:\my-personal-projects\on-demand-sevice\server\node_modules\mongodb\lib\cmap\auth\scram.js:80:5)
    at async ScramSHA1.auth (G:\my-personal-projects\on-demand-sevice\server\node_modules\mongodb\lib\cmap\auth\scram.js:39:16)
    at async performInitialHandshake (G:\my-personal-projects\on-demand-sevice\server\node_modules\mongodb\lib\cmap\connect.js:104:13)
    at async connect (G:\my-personal-projects\on-demand-sevice\server\node_modules\mongodb\lib\cmap\connect.js:24:9)

[2026-08-31T08:23:49.972Z] MongoDB connection error: MongoServerError: bad auth : authentication failed
    at Connection.sendCommand (G:\my-personal-projects\on-demand-sevice\server\node_modules\mongodb\lib\cmap\connection.js:290:27)
    at process.processTicksAndRejections (node:internal/process/task_queues:103:5)
    at async Connection.command (G:\my-personal-projects\on-demand-sevice\server\node_modules\mongodb\lib\cmap\connection.js:317:26)
    at async continueScramConversation (G:\my-personal-projects\on-demand-sevice\server\node_modules\mongodb\lib\cmap\auth\scram.js:131:15)
    at async executeScram (G:\my-personal-projects\on-demand-sevice\server\node_modules\mongodb\lib\cmap\auth\scram.js:80:5)
    at async ScramSHA1.auth (G:\my-personal-projects\on-demand-sevice\server\node_modules\mongodb\lib\cmap\auth\scram.js:39:16)
    at async performInitialHandshake (G:\my-personal-projects\on-demand-sevice\server\node_modules\mongodb\lib\cmap\connect.js:104:13)
    at async connect (G:\my-personal-projects\on-demand-sevice\server\node_modules\mongodb\lib\cmap\connect.js:24:9)

[2026-08-31T08:31:51.457Z] MongoDB connection error: MongoServerError: bad auth : authentication failed
    at Connection.sendCommand (G:\my-personal-projects\on-demand-sevice\server\node_modules\mongodb\lib\cmap\connection.js:290:27)
    at process.processTicksAndRejections (node:internal/process/task_queues:103:5)
    at async Connection.command (G:\my-personal-projects\on-demand-sevice\server\node_modules\mongodb\lib\cmap\connection.js:317:26)
    at async continueScramConversation (G:\my-personal-projects\on-demand-sevice\server\node_modules\mongodb\lib\cmap\auth\scram.js:131:15)
    at async executeScram (G:\my-personal-projects\on-demand-sevice\server\node_modules\mongodb\lib\cmap\auth\scram.js:80:5)
    at async ScramSHA1.auth (G:\my-personal-projects\on-demand-sevice\server\node_modules\mongodb\lib\cmap\auth\scram.js:39:16)
    at async performInitialHandshake (G:\my-personal-projects\on-demand-sevice\server\node_modules\mongodb\lib\cmap\connect.js:104:13)
    at async connect (G:\my-personal-projects\on-demand-sevice\server\node_modules\mongodb\lib\cmap\connect.js:24:9)

[2026-08-31T08:31:53.541Z] MongoDB connection error: MongoServerError: bad auth : authentication failed
    at Connection.sendCommand (G:\my-personal-projects\on-demand-sevice\server\node_modules\mongodb\lib\cmap\connection.js:290:27)
    at process.processTicksAndRejections (node:internal/process/task_queues:103:5)
    at async Connection.command (G:\my-personal-projects\on-demand-sevice\server\node_modules\mongodb\lib\cmap\connection.js:317:26)
    at async continueScramConversation (G:\my-personal-projects\on-demand-sevice\server\node_modules\mongodb\lib\cmap\auth\scram.js:131:15)
    at async executeScram (G:\my-personal-projects\on-demand-sevice\server\node_modules\mongodb\lib\cmap\auth\scram.js:80:5)
    at async ScramSHA1.auth (G:\my-personal-projects\on-demand-sevice\server\node_modules\mongodb\lib\cmap\auth\scram.js:39:16)
    at async performInitialHandshake (G:\my-personal-projects\on-demand-sevice\server\node_modules\mongodb\lib\cmap\connect.js:104:13)
    at async connect (G:\my-personal-projects\on-demand-sevice\server\node_modules\mongodb\lib\cmap\connect.js:24:9)

